
> todo-list-xtreme-frontend@0.1.0 test
> react-scripts test --watchAll=false --verbose

  console.error
    Error: Uncaught [TypeError: Cannot read properties of undefined (reading 'matches')]
        at reportException (/root/todo-list-xtreme/frontend/node_modules/jsdom/lib/jsdom/living/helpers/runtime-script-errors.js:66:24)
        at innerInvokeEventListeners (/root/todo-list-xtreme/frontend/node_modules/jsdom/lib/jsdom/living/events/EventTarget-impl.js:341:9)
        at invokeEventListeners (/root/todo-list-xtreme/frontend/node_modules/jsdom/lib/jsdom/living/events/EventTarget-impl.js:274:3)
        at HTMLUnknownElementImpl._dispatch (/root/todo-list-xtreme/frontend/node_modules/jsdom/lib/jsdom/living/events/EventTarget-impl.js:221:9)
        at HTMLUnknownElementImpl.dispatchEvent (/root/todo-list-xtreme/frontend/node_modules/jsdom/lib/jsdom/living/events/EventTarget-impl.js:94:17)
        at HTMLUnknownElement.dispatchEvent (/root/todo-list-xtreme/frontend/node_modules/jsdom/lib/jsdom/living/generated/EventTarget.js:231:34)
        at Object.invokeGuardedCallbackDev (/root/todo-list-xtreme/frontend/node_modules/react-dom/cjs/react-dom.development.js:4213:16)
        at invokeGuardedCallback (/root/todo-list-xtreme/frontend/node_modules/react-dom/cjs/react-dom.development.js:4277:31)
        at beginWork$1 (/root/todo-list-xtreme/frontend/node_modules/react-dom/cjs/react-dom.development.js:27490:7)
        at performUnitOfWork (/root/todo-list-xtreme/frontend/node_modules/react-dom/cjs/react-dom.development.js:26599:12)
        at workLoopSync (/root/todo-list-xtreme/frontend/node_modules/react-dom/cjs/react-dom.development.js:26505:5)
        at renderRootSync (/root/todo-list-xtreme/frontend/node_modules/react-dom/cjs/react-dom.development.js:26473:7)
        at performConcurrentWorkOnRoot (/root/todo-list-xtreme/frontend/node_modules/react-dom/cjs/react-dom.development.js:25777:74)
        at flushActQueue (/root/todo-list-xtreme/frontend/node_modules/react/cjs/react.development.js:2667:24)
        at act (/root/todo-list-xtreme/frontend/node_modules/react/cjs/react.development.js:2582:11)
        at /root/todo-list-xtreme/frontend/node_modules/@testing-library/react/dist/act-compat.js:47:25
        at renderRoot (/root/todo-list-xtreme/frontend/node_modules/@testing-library/react/dist/pure.js:180:26)
        at render (/root/todo-list-xtreme/frontend/node_modules/@testing-library/react/dist/pure.js:271:10)
        at Object.<anonymous> (/root/todo-list-xtreme/frontend/src/App.test.js:6:9)
        at Promise.then.completed (/root/todo-list-xtreme/frontend/node_modules/jest-circus/build/utils.js:391:28)
        at new Promise (<anonymous>)
        at callAsyncCircusFn (/root/todo-list-xtreme/frontend/node_modules/jest-circus/build/utils.js:316:10)
        at _callCircusTest (/root/todo-list-xtreme/frontend/node_modules/jest-circus/build/run.js:218:40)
        at _runTest (/root/todo-list-xtreme/frontend/node_modules/jest-circus/build/run.js:155:3)
        at _runTestsForDescribeBlock (/root/todo-list-xtreme/frontend/node_modules/jest-circus/build/run.js:66:9)
        at run (/root/todo-list-xtreme/frontend/node_modules/jest-circus/build/run.js:25:3)
        at runAndTransformResultsToJestFormat (/root/todo-list-xtreme/frontend/node_modules/jest-circus/build/legacy-code-todo-rewrite/jestAdapterInit.js:170:21)
        at jestAdapter (/root/todo-list-xtreme/frontend/node_modules/jest-circus/build/legacy-code-todo-rewrite/jestAdapter.js:82:19)
        at runTestInternal (/root/todo-list-xtreme/frontend/node_modules/jest-runner/build/runTest.js:389:16)
        at runTest (/root/todo-list-xtreme/frontend/node_modules/jest-runner/build/runTest.js:475:34)
        at TestRunner.runTests (/root/todo-list-xtreme/frontend/node_modules/jest-runner/build/index.js:101:12)
        at TestScheduler.scheduleTests (/root/todo-list-xtreme/frontend/node_modules/@jest/core/build/TestScheduler.js:333:13)
        at runJest (/root/todo-list-xtreme/frontend/node_modules/@jest/core/build/runJest.js:404:19)
        at _run10000 (/root/todo-list-xtreme/frontend/node_modules/@jest/core/build/cli/index.js:320:7)
        at runCLI (/root/todo-list-xtreme/frontend/node_modules/@jest/core/build/cli/index.js:173:3)
        at Object.run (/root/todo-list-xtreme/frontend/node_modules/jest-cli/build/cli/index.js:155:37) TypeError: Cannot read properties of undefined (reading 'matches')
        at /root/todo-list-xtreme/frontend/src/contexts/ThemeContext.js:15:80
        at mountState (/root/todo-list-xtreme/frontend/node_modules/react-dom/cjs/react-dom.development.js:16167:20)
        at Object.useState (/root/todo-list-xtreme/frontend/node_modules/react-dom/cjs/react-dom.development.js:16880:16)
        at useState (/root/todo-list-xtreme/frontend/node_modules/react/cjs/react.development.js:1622:21)
        at ThemeProvider (/root/todo-list-xtreme/frontend/src/contexts/ThemeContext.js:11:35)
        at renderWithHooks (/root/todo-list-xtreme/frontend/node_modules/react-dom/cjs/react-dom.development.js:15486:18)
        at mountIndeterminateComponent (/root/todo-list-xtreme/frontend/node_modules/react-dom/cjs/react-dom.development.js:20103:13)
        at beginWork (/root/todo-list-xtreme/frontend/node_modules/react-dom/cjs/react-dom.development.js:21626:16)
        at HTMLUnknownElement.callCallback (/root/todo-list-xtreme/frontend/node_modules/react-dom/cjs/react-dom.development.js:4164:14)
        at HTMLUnknownElement.callTheUserObjectsOperation (/root/todo-list-xtreme/frontend/node_modules/jsdom/lib/jsdom/living/generated/EventListener.js:26:30)
        at innerInvokeEventListeners (/root/todo-list-xtreme/frontend/node_modules/jsdom/lib/jsdom/living/events/EventTarget-impl.js:338:25)
        at invokeEventListeners (/root/todo-list-xtreme/frontend/node_modules/jsdom/lib/jsdom/living/events/EventTarget-impl.js:274:3)
        at HTMLUnknownElementImpl._dispatch (/root/todo-list-xtreme/frontend/node_modules/jsdom/lib/jsdom/living/events/EventTarget-impl.js:221:9)
        at HTMLUnknownElementImpl.dispatchEvent (/root/todo-list-xtreme/frontend/node_modules/jsdom/lib/jsdom/living/events/EventTarget-impl.js:94:17)
        at HTMLUnknownElement.dispatchEvent (/root/todo-list-xtreme/frontend/node_modules/jsdom/lib/jsdom/living/generated/EventTarget.js:231:34)
        at Object.invokeGuardedCallbackDev (/root/todo-list-xtreme/frontend/node_modules/react-dom/cjs/react-dom.development.js:4213:16)
        at invokeGuardedCallback (/root/todo-list-xtreme/frontend/node_modules/react-dom/cjs/react-dom.development.js:4277:31)
        at beginWork$1 (/root/todo-list-xtreme/frontend/node_modules/react-dom/cjs/react-dom.development.js:27490:7)
        at performUnitOfWork (/root/todo-list-xtreme/frontend/node_modules/react-dom/cjs/react-dom.development.js:26599:12)
        at workLoopSync (/root/todo-list-xtreme/frontend/node_modules/react-dom/cjs/react-dom.development.js:26505:5)
        at renderRootSync (/root/todo-list-xtreme/frontend/node_modules/react-dom/cjs/react-dom.development.js:26473:7)
        at performConcurrentWorkOnRoot (/root/todo-list-xtreme/frontend/node_modules/react-dom/cjs/react-dom.development.js:25777:74)
        at flushActQueue (/root/todo-list-xtreme/frontend/node_modules/react/cjs/react.development.js:2667:24)
        at act (/root/todo-list-xtreme/frontend/node_modules/react/cjs/react.development.js:2582:11)
        at /root/todo-list-xtreme/frontend/node_modules/@testing-library/react/dist/act-compat.js:47:25
        at renderRoot (/root/todo-list-xtreme/frontend/node_modules/@testing-library/react/dist/pure.js:180:26)
        at render (/root/todo-list-xtreme/frontend/node_modules/@testing-library/react/dist/pure.js:271:10)
        at Object.<anonymous> (/root/todo-list-xtreme/frontend/src/App.test.js:6:9)
        at Promise.then.completed (/root/todo-list-xtreme/frontend/node_modules/jest-circus/build/utils.js:391:28)
        at new Promise (<anonymous>)
        at callAsyncCircusFn (/root/todo-list-xtreme/frontend/node_modules/jest-circus/build/utils.js:316:10)
        at _callCircusTest (/root/todo-list-xtreme/frontend/node_modules/jest-circus/build/run.js:218:40)
        at _runTest (/root/todo-list-xtreme/frontend/node_modules/jest-circus/build/run.js:155:3)
        at _runTestsForDescribeBlock (/root/todo-list-xtreme/frontend/node_modules/jest-circus/build/run.js:66:9)
        at run (/root/todo-list-xtreme/frontend/node_modules/jest-circus/build/run.js:25:3)
        at runAndTransformResultsToJestFormat (/root/todo-list-xtreme/frontend/node_modules/jest-circus/build/legacy-code-todo-rewrite/jestAdapterInit.js:170:21)
        at jestAdapter (/root/todo-list-xtreme/frontend/node_modules/jest-circus/build/legacy-code-todo-rewrite/jestAdapter.js:82:19)
        at runTestInternal (/root/todo-list-xtreme/frontend/node_modules/jest-runner/build/runTest.js:389:16)
        at runTest (/root/todo-list-xtreme/frontend/node_modules/jest-runner/build/runTest.js:475:34)
        at TestRunner.runTests (/root/todo-list-xtreme/frontend/node_modules/jest-runner/build/index.js:101:12)
        at TestScheduler.scheduleTests (/root/todo-list-xtreme/frontend/node_modules/@jest/core/build/TestScheduler.js:333:13)
        at runJest (/root/todo-list-xtreme/frontend/node_modules/@jest/core/build/runJest.js:404:19)
        at _run10000 (/root/todo-list-xtreme/frontend/node_modules/@jest/core/build/cli/index.js:320:7)
        at runCLI (/root/todo-list-xtreme/frontend/node_modules/@jest/core/build/cli/index.js:173:3)
        at Object.run (/root/todo-list-xtreme/frontend/node_modules/jest-cli/build/cli/index.js:155:37)

      4 |
      5 | test('renders Todo List Xtreme header', () => {
    > 6 |   render(<App />);
        |         ^
      7 |   const header = screen.getByText(/todo list xtreme/i);
      8 |   expect(header).toBeInTheDocument();
      9 | });

      at VirtualConsole.<anonymous> (node_modules/jsdom/lib/jsdom/virtual-console.js:29:45)
      at reportException (node_modules/jsdom/lib/jsdom/living/helpers/runtime-script-errors.js:70:28)
      at innerInvokeEventListeners (node_modules/jsdom/lib/jsdom/living/events/EventTarget-impl.js:341:9)
      at invokeEventListeners (node_modules/jsdom/lib/jsdom/living/events/EventTarget-impl.js:274:3)
      at HTMLUnknownElementImpl._dispatch (node_modules/jsdom/lib/jsdom/living/events/EventTarget-impl.js:221:9)
      at HTMLUnknownElementImpl.dispatchEvent (node_modules/jsdom/lib/jsdom/living/events/EventTarget-impl.js:94:17)
      at HTMLUnknownElement.dispatchEvent (node_modules/jsdom/lib/jsdom/living/generated/EventTarget.js:231:34)
      at Object.invokeGuardedCallbackDev (node_modules/react-dom/cjs/react-dom.development.js:4213:16)
      at invokeGuardedCallback (node_modules/react-dom/cjs/react-dom.development.js:4277:31)
      at beginWork$1 (node_modules/react-dom/cjs/react-dom.development.js:27490:7)
      at performUnitOfWork (node_modules/react-dom/cjs/react-dom.development.js:26599:12)
      at workLoopSync (node_modules/react-dom/cjs/react-dom.development.js:26505:5)
      at renderRootSync (node_modules/react-dom/cjs/react-dom.development.js:26473:7)
      at performConcurrentWorkOnRoot (node_modules/react-dom/cjs/react-dom.development.js:25777:74)
      at flushActQueue (node_modules/react/cjs/react.development.js:2667:24)
      at act (node_modules/react/cjs/react.development.js:2582:11)
      at node_modules/@testing-library/react/dist/act-compat.js:47:25
      at renderRoot (node_modules/@testing-library/react/dist/pure.js:180:26)
      at render (node_modules/@testing-library/react/dist/pure.js:271:10)
      at Object.<anonymous> (src/App.test.js:6:9)
      at TestScheduler.scheduleTests (node_modules/@jest/core/build/TestScheduler.js:333:13)
      at runJest (node_modules/@jest/core/build/runJest.js:404:19)
      at _run10000 (node_modules/@jest/core/build/cli/index.js:320:7)
      at runCLI (node_modules/@jest/core/build/cli/index.js:173:3)

  console.error
    Error: Uncaught [TypeError: Cannot read properties of undefined (reading 'matches')]
        at reportException (/root/todo-list-xtreme/frontend/node_modules/jsdom/lib/jsdom/living/helpers/runtime-script-errors.js:66:24)
        at innerInvokeEventListeners (/root/todo-list-xtreme/frontend/node_modules/jsdom/lib/jsdom/living/events/EventTarget-impl.js:341:9)
        at invokeEventListeners (/root/todo-list-xtreme/frontend/node_modules/jsdom/lib/jsdom/living/events/EventTarget-impl.js:274:3)
        at HTMLUnknownElementImpl._dispatch (/root/todo-list-xtreme/frontend/node_modules/jsdom/lib/jsdom/living/events/EventTarget-impl.js:221:9)
        at HTMLUnknownElementImpl.dispatchEvent (/root/todo-list-xtreme/frontend/node_modules/jsdom/lib/jsdom/living/events/EventTarget-impl.js:94:17)
        at HTMLUnknownElement.dispatchEvent (/root/todo-list-xtreme/frontend/node_modules/jsdom/lib/jsdom/living/generated/EventTarget.js:231:34)
        at Object.invokeGuardedCallbackDev (/root/todo-list-xtreme/frontend/node_modules/react-dom/cjs/react-dom.development.js:4213:16)
        at invokeGuardedCallback (/root/todo-list-xtreme/frontend/node_modules/react-dom/cjs/react-dom.development.js:4277:31)
        at beginWork$1 (/root/todo-list-xtreme/frontend/node_modules/react-dom/cjs/react-dom.development.js:27490:7)
        at performUnitOfWork (/root/todo-list-xtreme/frontend/node_modules/react-dom/cjs/react-dom.development.js:26599:12)
        at workLoopSync (/root/todo-list-xtreme/frontend/node_modules/react-dom/cjs/react-dom.development.js:26505:5)
        at renderRootSync (/root/todo-list-xtreme/frontend/node_modules/react-dom/cjs/react-dom.development.js:26473:7)
        at recoverFromConcurrentError (/root/todo-list-xtreme/frontend/node_modules/react-dom/cjs/react-dom.development.js:25889:20)
        at performConcurrentWorkOnRoot (/root/todo-list-xtreme/frontend/node_modules/react-dom/cjs/react-dom.development.js:25789:22)
        at flushActQueue (/root/todo-list-xtreme/frontend/node_modules/react/cjs/react.development.js:2667:24)
        at act (/root/todo-list-xtreme/frontend/node_modules/react/cjs/react.development.js:2582:11)
        at /root/todo-list-xtreme/frontend/node_modules/@testing-library/react/dist/act-compat.js:47:25
        at renderRoot (/root/todo-list-xtreme/frontend/node_modules/@testing-library/react/dist/pure.js:180:26)
        at render (/root/todo-list-xtreme/frontend/node_modules/@testing-library/react/dist/pure.js:271:10)
        at Object.<anonymous> (/root/todo-list-xtreme/frontend/src/App.test.js:6:9)
        at Promise.then.completed (/root/todo-list-xtreme/frontend/node_modules/jest-circus/build/utils.js:391:28)
        at new Promise (<anonymous>)
        at callAsyncCircusFn (/root/todo-list-xtreme/frontend/node_modules/jest-circus/build/utils.js:316:10)
        at _callCircusTest (/root/todo-list-xtreme/frontend/node_modules/jest-circus/build/run.js:218:40)
        at _runTest (/root/todo-list-xtreme/frontend/node_modules/jest-circus/build/run.js:155:3)
        at _runTestsForDescribeBlock (/root/todo-list-xtreme/frontend/node_modules/jest-circus/build/run.js:66:9)
        at run (/root/todo-list-xtreme/frontend/node_modules/jest-circus/build/run.js:25:3)
        at runAndTransformResultsToJestFormat (/root/todo-list-xtreme/frontend/node_modules/jest-circus/build/legacy-code-todo-rewrite/jestAdapterInit.js:170:21)
        at jestAdapter (/root/todo-list-xtreme/frontend/node_modules/jest-circus/build/legacy-code-todo-rewrite/jestAdapter.js:82:19)
        at runTestInternal (/root/todo-list-xtreme/frontend/node_modules/jest-runner/build/runTest.js:389:16)
        at runTest (/root/todo-list-xtreme/frontend/node_modules/jest-runner/build/runTest.js:475:34)
        at TestRunner.runTests (/root/todo-list-xtreme/frontend/node_modules/jest-runner/build/index.js:101:12)
        at TestScheduler.scheduleTests (/root/todo-list-xtreme/frontend/node_modules/@jest/core/build/TestScheduler.js:333:13)
        at runJest (/root/todo-list-xtreme/frontend/node_modules/@jest/core/build/runJest.js:404:19)
        at _run10000 (/root/todo-list-xtreme/frontend/node_modules/@jest/core/build/cli/index.js:320:7)
        at runCLI (/root/todo-list-xtreme/frontend/node_modules/@jest/core/build/cli/index.js:173:3)
        at Object.run (/root/todo-list-xtreme/frontend/node_modules/jest-cli/build/cli/index.js:155:37) TypeError: Cannot read properties of undefined (reading 'matches')
        at /root/todo-list-xtreme/frontend/src/contexts/ThemeContext.js:15:80
        at mountState (/root/todo-list-xtreme/frontend/node_modules/react-dom/cjs/react-dom.development.js:16167:20)
        at Object.useState (/root/todo-list-xtreme/frontend/node_modules/react-dom/cjs/react-dom.development.js:16880:16)
        at useState (/root/todo-list-xtreme/frontend/node_modules/react/cjs/react.development.js:1622:21)
        at ThemeProvider (/root/todo-list-xtreme/frontend/src/contexts/ThemeContext.js:11:35)
        at renderWithHooks (/root/todo-list-xtreme/frontend/node_modules/react-dom/cjs/react-dom.development.js:15486:18)
        at mountIndeterminateComponent (/root/todo-list-xtreme/frontend/node_modules/react-dom/cjs/react-dom.development.js:20103:13)
        at beginWork (/root/todo-list-xtreme/frontend/node_modules/react-dom/cjs/react-dom.development.js:21626:16)
        at HTMLUnknownElement.callCallback (/root/todo-list-xtreme/frontend/node_modules/react-dom/cjs/react-dom.development.js:4164:14)
        at HTMLUnknownElement.callTheUserObjectsOperation (/root/todo-list-xtreme/frontend/node_modules/jsdom/lib/jsdom/living/generated/EventListener.js:26:30)
        at innerInvokeEventListeners (/root/todo-list-xtreme/frontend/node_modules/jsdom/lib/jsdom/living/events/EventTarget-impl.js:338:25)
        at invokeEventListeners (/root/todo-list-xtreme/frontend/node_modules/jsdom/lib/jsdom/living/events/EventTarget-impl.js:274:3)
        at HTMLUnknownElementImpl._dispatch (/root/todo-list-xtreme/frontend/node_modules/jsdom/lib/jsdom/living/events/EventTarget-impl.js:221:9)
        at HTMLUnknownElementImpl.dispatchEvent (/root/todo-list-xtreme/frontend/node_modules/jsdom/lib/jsdom/living/events/EventTarget-impl.js:94:17)
        at HTMLUnknownElement.dispatchEvent (/root/todo-list-xtreme/frontend/node_modules/jsdom/lib/jsdom/living/generated/EventTarget.js:231:34)
        at Object.invokeGuardedCallbackDev (/root/todo-list-xtreme/frontend/node_modules/react-dom/cjs/react-dom.development.js:4213:16)
        at invokeGuardedCallback (/root/todo-list-xtreme/frontend/node_modules/react-dom/cjs/react-dom.development.js:4277:31)
        at beginWork$1 (/root/todo-list-xtreme/frontend/node_modules/react-dom/cjs/react-dom.development.js:27490:7)
        at performUnitOfWork (/root/todo-list-xtreme/frontend/node_modules/react-dom/cjs/react-dom.development.js:26599:12)
        at workLoopSync (/root/todo-list-xtreme/frontend/node_modules/react-dom/cjs/react-dom.development.js:26505:5)
        at renderRootSync (/root/todo-list-xtreme/frontend/node_modules/react-dom/cjs/react-dom.development.js:26473:7)
        at recoverFromConcurrentError (/root/todo-list-xtreme/frontend/node_modules/react-dom/cjs/react-dom.development.js:25889:20)
        at performConcurrentWorkOnRoot (/root/todo-list-xtreme/frontend/node_modules/react-dom/cjs/react-dom.development.js:25789:22)
        at flushActQueue (/root/todo-list-xtreme/frontend/node_modules/react/cjs/react.development.js:2667:24)
        at act (/root/todo-list-xtreme/frontend/node_modules/react/cjs/react.development.js:2582:11)
        at /root/todo-list-xtreme/frontend/node_modules/@testing-library/react/dist/act-compat.js:47:25
        at renderRoot (/root/todo-list-xtreme/frontend/node_modules/@testing-library/react/dist/pure.js:180:26)
        at render (/root/todo-list-xtreme/frontend/node_modules/@testing-library/react/dist/pure.js:271:10)
        at Object.<anonymous> (/root/todo-list-xtreme/frontend/src/App.test.js:6:9)
        at Promise.then.completed (/root/todo-list-xtreme/frontend/node_modules/jest-circus/build/utils.js:391:28)
        at new Promise (<anonymous>)
        at callAsyncCircusFn (/root/todo-list-xtreme/frontend/node_modules/jest-circus/build/utils.js:316:10)
        at _callCircusTest (/root/todo-list-xtreme/frontend/node_modules/jest-circus/build/run.js:218:40)
        at _runTest (/root/todo-list-xtreme/frontend/node_modules/jest-circus/build/run.js:155:3)
        at _runTestsForDescribeBlock (/root/todo-list-xtreme/frontend/node_modules/jest-circus/build/run.js:66:9)
        at run (/root/todo-list-xtreme/frontend/node_modules/jest-circus/build/run.js:25:3)
        at runAndTransformResultsToJestFormat (/root/todo-list-xtreme/frontend/node_modules/jest-circus/build/legacy-code-todo-rewrite/jestAdapterInit.js:170:21)
        at jestAdapter (/root/todo-list-xtreme/frontend/node_modules/jest-circus/build/legacy-code-todo-rewrite/jestAdapter.js:82:19)
        at runTestInternal (/root/todo-list-xtreme/frontend/node_modules/jest-runner/build/runTest.js:389:16)
        at runTest (/root/todo-list-xtreme/frontend/node_modules/jest-runner/build/runTest.js:475:34)
        at TestRunner.runTests (/root/todo-list-xtreme/frontend/node_modules/jest-runner/build/index.js:101:12)
        at TestScheduler.scheduleTests (/root/todo-list-xtreme/frontend/node_modules/@jest/core/build/TestScheduler.js:333:13)
        at runJest (/root/todo-list-xtreme/frontend/node_modules/@jest/core/build/runJest.js:404:19)
        at _run10000 (/root/todo-list-xtreme/frontend/node_modules/@jest/core/build/cli/index.js:320:7)
        at runCLI (/root/todo-list-xtreme/frontend/node_modules/@jest/core/build/cli/index.js:173:3)
        at Object.run (/root/todo-list-xtreme/frontend/node_modules/jest-cli/build/cli/index.js:155:37)

      4 |
      5 | test('renders Todo List Xtreme header', () => {
    > 6 |   render(<App />);
        |         ^
      7 |   const header = screen.getByText(/todo list xtreme/i);
      8 |   expect(header).toBeInTheDocument();
      9 | });

      at VirtualConsole.<anonymous> (node_modules/jsdom/lib/jsdom/virtual-console.js:29:45)
      at reportException (node_modules/jsdom/lib/jsdom/living/helpers/runtime-script-errors.js:70:28)
      at innerInvokeEventListeners (node_modules/jsdom/lib/jsdom/living/events/EventTarget-impl.js:341:9)
      at invokeEventListeners (node_modules/jsdom/lib/jsdom/living/events/EventTarget-impl.js:274:3)
      at HTMLUnknownElementImpl._dispatch (node_modules/jsdom/lib/jsdom/living/events/EventTarget-impl.js:221:9)
      at HTMLUnknownElementImpl.dispatchEvent (node_modules/jsdom/lib/jsdom/living/events/EventTarget-impl.js:94:17)
      at HTMLUnknownElement.dispatchEvent (node_modules/jsdom/lib/jsdom/living/generated/EventTarget.js:231:34)
      at Object.invokeGuardedCallbackDev (node_modules/react-dom/cjs/react-dom.development.js:4213:16)
      at invokeGuardedCallback (node_modules/react-dom/cjs/react-dom.development.js:4277:31)
      at beginWork$1 (node_modules/react-dom/cjs/react-dom.development.js:27490:7)
      at performUnitOfWork (node_modules/react-dom/cjs/react-dom.development.js:26599:12)
      at workLoopSync (node_modules/react-dom/cjs/react-dom.development.js:26505:5)
      at renderRootSync (node_modules/react-dom/cjs/react-dom.development.js:26473:7)
      at recoverFromConcurrentError (node_modules/react-dom/cjs/react-dom.development.js:25889:20)
      at performConcurrentWorkOnRoot (node_modules/react-dom/cjs/react-dom.development.js:25789:22)
      at flushActQueue (node_modules/react/cjs/react.development.js:2667:24)
      at act (node_modules/react/cjs/react.development.js:2582:11)
      at node_modules/@testing-library/react/dist/act-compat.js:47:25
      at renderRoot (node_modules/@testing-library/react/dist/pure.js:180:26)
      at render (node_modules/@testing-library/react/dist/pure.js:271:10)
      at Object.<anonymous> (src/App.test.js:6:9)
      at TestScheduler.scheduleTests (node_modules/@jest/core/build/TestScheduler.js:333:13)
      at runJest (node_modules/@jest/core/build/runJest.js:404:19)
      at _run10000 (node_modules/@jest/core/build/cli/index.js:320:7)
      at runCLI (node_modules/@jest/core/build/cli/index.js:173:3)

  console.error
    The above error occurred in the <ThemeProvider> component:
    
        at ThemeProvider (/root/todo-list-xtreme/frontend/src/contexts/ThemeContext.js:9:33)
        at App
    
    Consider adding an error boundary to your tree to customize error handling behavior.
    Visit https://reactjs.org/link/error-boundaries to learn more about error boundaries.

      4 |
      5 | test('renders Todo List Xtreme header', () => {
    > 6 |   render(<App />);
        |         ^
      7 |   const header = screen.getByText(/todo list xtreme/i);
      8 |   expect(header).toBeInTheDocument();
      9 | });

      at logCapturedError (node_modules/react-dom/cjs/react-dom.development.js:18704:23)
      at update.callback (node_modules/react-dom/cjs/react-dom.development.js:18737:5)
      at callCallback (node_modules/react-dom/cjs/react-dom.development.js:15036:12)
      at commitUpdateQueue (node_modules/react-dom/cjs/react-dom.development.js:15057:9)
      at commitLayoutEffectOnFiber (node_modules/react-dom/cjs/react-dom.development.js:23430:13)
      at commitLayoutMountEffects_complete (node_modules/react-dom/cjs/react-dom.development.js:24727:9)
      at commitLayoutEffects_begin (node_modules/react-dom/cjs/react-dom.development.js:24713:7)
      at commitLayoutEffects (node_modules/react-dom/cjs/react-dom.development.js:24651:3)
      at commitRootImpl (node_modules/react-dom/cjs/react-dom.development.js:26862:5)
      at commitRoot (node_modules/react-dom/cjs/react-dom.development.js:26721:5)
      at finishConcurrentRender (node_modules/react-dom/cjs/react-dom.development.js:25931:9)
      at performConcurrentWorkOnRoot (node_modules/react-dom/cjs/react-dom.development.js:25848:7)
      at flushActQueue (node_modules/react/cjs/react.development.js:2667:24)
      at act (node_modules/react/cjs/react.development.js:2582:11)
      at node_modules/@testing-library/react/dist/act-compat.js:47:25
      at renderRoot (node_modules/@testing-library/react/dist/pure.js:180:26)
      at render (node_modules/@testing-library/react/dist/pure.js:271:10)
      at Object.<anonymous> (src/App.test.js:6:9)
      at TestScheduler.scheduleTests (node_modules/@jest/core/build/TestScheduler.js:333:13)
      at runJest (node_modules/@jest/core/build/runJest.js:404:19)
      at _run10000 (node_modules/@jest/core/build/cli/index.js:320:7)
      at runCLI (node_modules/@jest/core/build/cli/index.js:173:3)

FAIL src/App.test.js (5.109 s)
  ✕ renders Todo List Xtreme header (77 ms)

  ● renders Todo List Xtreme header

    TypeError: Cannot read properties of undefined (reading 'matches')

      13 |     // Check for system preference if no saved preference
      14 |     if (!savedMode) {
    > 15 |       const prefersDarkMode = window.matchMedia('(prefers-color-scheme: dark)').matches;
         |                                                                                ^
      16 |       return prefersDarkMode ? 'dark' : 'light';
      17 |     }
      18 |     return savedMode;

      at src/contexts/ThemeContext.js:15:80
      at mountState (node_modules/react-dom/cjs/react-dom.development.js:16167:20)
      at Object.useState (node_modules/react-dom/cjs/react-dom.development.js:16880:16)
      at useState (node_modules/react/cjs/react.development.js:1622:21)
      at ThemeProvider (src/contexts/ThemeContext.js:11:35)
      at renderWithHooks (node_modules/react-dom/cjs/react-dom.development.js:15486:18)
      at mountIndeterminateComponent (node_modules/react-dom/cjs/react-dom.development.js:20103:13)
      at beginWork (node_modules/react-dom/cjs/react-dom.development.js:21626:16)
      at beginWork$1 (node_modules/react-dom/cjs/react-dom.development.js:27465:14)
      at performUnitOfWork (node_modules/react-dom/cjs/react-dom.development.js:26599:12)
      at workLoopSync (node_modules/react-dom/cjs/react-dom.development.js:26505:5)
      at renderRootSync (node_modules/react-dom/cjs/react-dom.development.js:26473:7)
      at recoverFromConcurrentError (node_modules/react-dom/cjs/react-dom.development.js:25889:20)
      at performConcurrentWorkOnRoot (node_modules/react-dom/cjs/react-dom.development.js:25789:22)
      at flushActQueue (node_modules/react/cjs/react.development.js:2667:24)
      at act (node_modules/react/cjs/react.development.js:2582:11)
      at node_modules/@testing-library/react/dist/act-compat.js:47:25
      at renderRoot (node_modules/@testing-library/react/dist/pure.js:180:26)
      at render (node_modules/@testing-library/react/dist/pure.js:271:10)
      at Object.<anonymous> (src/App.test.js:6:9)
      at TestScheduler.scheduleTests (node_modules/@jest/core/build/TestScheduler.js:333:13)
      at runJest (node_modules/@jest/core/build/runJest.js:404:19)
      at _run10000 (node_modules/@jest/core/build/cli/index.js:320:7)
      at runCLI (node_modules/@jest/core/build/cli/index.js:173:3)

Test Suites: 1 failed, 1 total
Tests:       1 failed, 1 total
Snapshots:   0 total
Time:        5.538 s, estimated 6 s
Ran all test suites.
